SETFREQUENCY=15
//JN 25.12.2004
DOORINTERVAL=RAND(7;15)
FLOORHEIGHT=4
BUILDWIDTH=RAND(20;40)
ELEVINTERVAL=RAND(10;20)

GROUNDLEVEL(BUILDBEGIN;BUILDWIDTH;1)
GOTOLOW(BUILDBEGIN;BUILDWIDTH)
SETX=BUILDBEGIN

MATERIAL=4
SETV2=RAND(0;100)

SETV1=RAND(3;8)		// floors

DOORTYPE=3
OUTSIDE=0

DOWN(FLOORHEIGHT)	// basement
BUILDFLOOR(BUILDBEGIN;BUILDWIDTH;Y)
SETV6=Y

SETV2=BUILDWIDTH
SUBV2(4)

RIGHT(2)	// build the basement bottom
MATERIAL=5
BRIGHT(V2)
LEFT(2)

SETV10=V2
DIVV10(2)
ADDV10(2)
RIGHT(V10)
DOWN(1)
MATERIAL=40
BDOWN(1)
MATERIAL=5
UP(1)
LEFT(V10)


UP(FLOORHEIGHT)

SETV3=RAND(0;100)
MATERIAL=10
IFV3(0;50)
	MATERIAL=7
ENDIF

OUTSIDE=1
DOORTYPE=1
BUILDFLOOR(BUILDBEGIN;BUILDWIDTH;Y)
UP(FLOORHEIGHT)

DOORTYPE=2
OUTSIDE=RAND(3;4)

BEGIN
	BUILDFLOOR(BUILDBEGIN;BUILDWIDTH;Y)
	UP(FLOORHEIGHT)
REPEAT V1

BUILDROOF(BUILDBEGIN;BUILDWIDTH;Y)

SETY=V6
MATERIAL=17
SETX=BUILDBEGIN

SETV7=RAND(0;100)
IFV7(0;50)
	RIGHT(BUILDWIDTH)
	LEFT(3)
	BLEFT(5)	
	BUP(4)
	UP(4)
	BLEFT(5)
	LEFT(5)
ENDIF

IFV7(51;100)
	RIGHT(2)
	BRIGHT(5)
	BUP(4)
	UP(4)
	BRIGHT(5)
	RIGHT(5)
ENDIF

BDOWN(5)
DOWN(2)
MATERIAL=21
BDOWN(2)
