SETFREQUENCY=20		// fire station, 20
//JN 28.5.2005

BUILDWIDTH=RAND(25;40)
FLOORHEIGHT=4
SETX=BUILDBEGIN
GROUNDLEVEL(BUILDBEGIN;BUILDWIDTH;1)
GOTOLOW(BUILDBEGIN;BUILDWIDTH)

SETV1=RAND(2;6)		// floors
SETV2=RAND(10;15)	// tower floors
SETV3=RAND(0;10)	// l/r
SETV4=RAND(0;10)	// material

MATERIAL=7	// brick

IFV4(6;10)	// element
	MATERIAL=10
ENDIF

IFV3(0;5)	// right
	RIGHT(BUILDWIDTH)
	LEFT(10)
ENDIF

DOORTYPE=2
OUTSIDE=1
BUILDFLOOR(X;10;Y)
UP(FLOORHEIGHT)
OUTSIDE=0
BEGIN
	BUILDFLOOR(X;10;Y)
	UP(FLOORHEIGHT)
REPEAT V2

MULV2(FLOORHEIGHT)
DOWN(V2)
DOWN(FLOORHEIGHT)

IFV3(6;10)
	RIGHT(8)
ENDIF

IFV3(0;5)	// right
	RIGHT(12)
	LEFT(BUILDWIDTH)
ENDIF

SETV6=BUILDWIDTH
SUBV6(10)

SETV7=MATERIAL
ADDV7(1)
MATERIAL=V7
BRIGHT(V6)
UP(10)

MATERIAL=18
IFV3(0;5)	// r
	BDOWN(10)
ENDIF

IFV3(6;10)	// l
	RIGHT(V6)
	LEFT(1)
	BDOWN(10)
	LEFT(V6)
ENDIF

MATERIAL=V7
BRIGHT(V6)
ADDV7(1)
MATERIAL=V7
SUBV6(1)

RIGHT(1)
BEGIN
	DOWN(1)
	BRIGHT(V6)	
REPEAT 9

SETV8=V6
DIVV8(3)
DOWN(2)
MATERIAL=40
RIGHT(V8)
BDOWN(1)
RIGHT(V8)
BDOWN(1)
UP(2)
LEFT(V8)
LEFT(V8)

//ELEVINTERVAL=RAND(10;20)
DOORINTERVAL=RAND(6;10)

SUBV7(2)
MATERIAL=V7
UP(9)
ADDV6(5)

LEFT(2)
IFV3(0;5)	// r
	LEFT(1)
ENDIF

BEGIN
	BUILDFLOOR(X;V6;Y)
	UP(FLOORHEIGHT)
REPEAT V1

SUBV6(3)
RIGHT(1)
IFV3(6;10)	// l
	RIGHT(1)
ENDIF
BUILDROOF(X;V6;Y)

MATERIAL=30
RIGHT(V6)
//BRIGHT(1)

