SETFREQUENCY=20		// hut, 20
//JN 5.6.2005

BUILDWIDTH=20 //RAND(3;4)
SETV1=RAND(3;4)
MULV1(4)
BUILDWIDTH=V1	// even size

FLOORHEIGHT=4
SETX=BUILDBEGIN
GROUNDLEVEL(BUILDBEGIN;BUILDWIDTH;1)
GOTOLOW(BUILDBEGIN;BUILDWIDTH)

DOORINTERVAL=RAND(3;6)
DOORTYPE=2

SETV1=RAND(1;2)		// floors

MATERIAL=13	// wood
SETV20=13	// wall
SETV21=14	// floor
SETV22=15	// bg

OUTSIDE=1

BEGIN
	BUILDFLOOR(X;BUILDWIDTH;Y)
	UP(FLOORHEIGHT)
	OUTSIDE=4
REPEAT V1

SETV2=BUILDWIDTH
SUBV2(8)
UP(1)

BEGIN
	MATERIAL=26
	BUP(1)
	RIGHT(1)
	MATERIAL=27
	BUP(1)
	UPRIGHT(1)
REPEAT 2

DOWN(1)
MATERIAL=29
BRIGHT(V2)
LEFT(2)
DOWN(1)
//MATERIAL=V22
ADDV2(4)
BRIGHT(V2)
UP(1)
SUBV2(2)
RIGHT(V2)

BEGIN
	MATERIAL=31
	BUP(1)
	RIGHT(1)
	MATERIAL=32
	BUP(1)
	DOWNRIGHT(1)
REPEAT 2

SETV3=BUILDWIDTH
DIVV3(2)

SETX=BUILDBEGIN
RIGHT(V3)
LEFT(1)

SETV4=RAND(0;2)

RIGHT(V4)
MATERIAL=8

BUP(4)
MULV1(FLOORHEIGHT)
BDOWN(V1)

DOWN(V1)
UP(1)

BLEFT(2)
BRIGHT(2)
