SETFREQUENCY=40		// movie theater, 40
//JN 19.6.2005

BUILDWIDTH=RAND(25;80)
FLOORHEIGHT=4
SETX=BUILDBEGIN
GROUNDLEVEL(BUILDBEGIN;BUILDWIDTH;1)
GOTOLOW(BUILDBEGIN;BUILDWIDTH)

//ELEVINTERVAL=RAND(10;20)
DOORINTERVAL=RAND(10;15)
DOORTYPE=2	// normal doors

DOWN(FLOORHEIGHT)
MATERIAL=4
OUTSIDE=0

SETV11=X
BUILDFLOOR(X;BUILDWIDTH;Y)	// basement
SETV1=BUILDWIDTH
DIVV1(2)
RIGHT(V1)
DOWN(1)
MATERIAL=40
BDOWN(1)
UP(1)
LEFT(V1)
UP(FLOORHEIGHT)	

SETV1=RAND(2;5)		// floors
SETV3=RAND(0;10)	// l/r
SETV4=RAND(0;10)	// material

MATERIAL=7	// brick
SETV20=7	// wall
SETV21=8	// floor
SETV22=9	// bg

IFV4(6;10)	// element
	MATERIAL=10
	SETV20=10
	SETV21=11
	SETV22=12
ENDIF

SETV10=BUILDWIDTH

IFV10(25;40)
	SETV5=RAND(10;15)
ENDIF
IFV10(41;80)
	SETV5=RAND(20;25)
ENDIF

SETV7=V1
MULV7(4)
RIGHT(2)

SETV8=V7
SUBV8(4)

IFV3(6;10)	// right wing
	RIGHT(BUILDWIDTH)
	LEFT(V5)
ENDIF

LEFT(2)
SETV6=BUILDWIDTH
//ADDV6(8)
SUBV6(V5)

OUTSIDE=1
BUILDFLOOR(X;V5;Y)	// wing

SETV7=V6
SETV8=1
IFV6(30;100)
	DIVV7(2)
	SETV12=V7
	MULV12(2)
	SETV13=V6
	SUBV13(V12)
	SETV8=2
ENDIF

ADDV7(4)

FLOORHEIGHT=8
OUTSIDE=0
DOORINTERVAL=0
SETX=V11

IFV3(0;5)	// left wing
	RIGHT(V5)
	LEFT(4)
ENDIF

IFV3(6;10)	// RIGHT wing
//	RIGHT(1)
ENDIF

SETV11=X
SETV14=V7

BEGIN
	BUILDFLOOR(X;V7;Y)
	LEFT(4)
	RIGHT(V7)
	ADDV7(V13)
REPEAT V8

SETV7=V14

SETX=V11

UP(FLOORHEIGHT)

IFV1(4;5)
BEGIN
	BUILDFLOOR(X;V7;Y)
	LEFT(4)
	RIGHT(V7)
	ADDV7(V13)
REPEAT V8
UP(FLOORHEIGHT)
ENDIF

ADDV6(4)
BUILDROOF(V11;V6;Y)

