SETFREQUENCY=20		// observation tower, 20
//JN 30.8.2005, 31.1.2007

BUILDWIDTH=RAND(30;40)
FLOORHEIGHT=5
SETX=BUILDBEGIN
GROUNDLEVEL(BUILDBEGIN;BUILDWIDTH;1)
GOTOLOW(BUILDBEGIN;BUILDWIDTH)

DOORINTERVAL=RAND(6;10)
DOORTYPE=2	// normal doors

SETV1=RAND(1;3)		// floors

MATERIAL=4

DOWN(FLOORHEIGHT)
SETV10=Y
BUILDFLOOR(X;BUILDWIDTH;Y)
DOWN(1)
SETV2=BUILDWIDTH
DIVV2(2)
RIGHT(V2)
MATERIAL=40
BDOWN(1)
UP(1)
LEFT(V2)
UP(FLOORHEIGHT)


MATERIAL=10
SETV20=10
SETV21=11
SETV22=12

DOORTYPE=1
OUTSIDE=1

BEGIN
	BUILDFLOOR(X;BUILDWIDTH;Y)
	UP(FLOORHEIGHT)
	OUTSIDE=4
REPEAT V1

RIGHT(V2)

LEFT(4)

SETV4=RAND(25;100)

MATERIAL=10

SETV12=Y
LEFT(1)
BUP(V4)
RIGHT(1)
MATERIAL=17
BUP(V4)
RIGHT(7)
BUP(V4)
RIGHT(1)
MATERIAL=11
BUP(V4)

UP(V4)
LEFT(5)

ADDV2(4)
SETV3=V2

DIVV3(2)

LEFT(V3)

ADDV2(1)

FLOORHEIGHT=4
MATERIAL=10

SETV7(0)
BEGIN
	BUILDFLOOR(X;V2;Y)
	IFV7(0;0)
		SETV7(V2)
		SUBV7(4)
		MATERIAL=17
		RIGHT(2)
		BRIGHT(V7)
		LEFT(2)
		MATERIAL=10
	ENDIF
	UP(FLOORHEIGHT)
REPEAT V1

SETV11=V1
RIGHT(V3)
LEFT(1)

MULV11(5)
ADDV11(V4)
ADDV11(9)

FLOORHEIGHT=5
BUILDELEV(X;V10;4;V11;0)

MATERIAL=17

IFV1(2;3)
	SUBV1(1)
	MULV1(4)
	ADDV11(V1)
ENDIF

LEFT(2)
DOWN(1)
BDOWN(V11)
RIGHT(7)
BDOWN(V11)

MATERIAL=11

SETY=V12
LEFT(2)

BUP(V4)

LEFT(3)
BUP(V4)



