SETFREQUENCY=30		// oil storage complex, 30
//JN 30.8.2005

BUILDWIDTH=RAND(45;80)
FLOORHEIGHT=4
SETX=BUILDBEGIN
GROUNDLEVEL(BUILDBEGIN;BUILDWIDTH;1)
GOTOLOW(BUILDBEGIN;BUILDWIDTH)

ELEVINTERVAL=RAND(10;20)
DOORINTERVAL=RAND(6;10)
DOORTYPE=2	// normal doors

SETV1=RAND(2;5)		// floors
SETV3=RAND(0;10)	// l/r
SETV4=RAND(0;10)	// material

SETV2=BUILDWIDTH

MATERIAL=60
BRIGHT(BUILDWIDTH)

DIVV2(4)

MATERIAL=4

IFV3(0;5)
	RIGHT(BUILDWIDTH)
	LEFT(V2)
ENDIF

SETV5=V2
DIVV5(2)
DOWN(FLOORHEIGHT)
BUILDFLOOR(X;V2;Y)
DOWN(1)
RIGHT(V5)
MATERIAL=40
BDOWN(1)
UP(1)
LEFT(V5)
UP(FLOORHEIGHT)


MATERIAL=10
SETV20=10
SETV21=11
SETV22=12

SETV6=Y
OUTSIDE=1

BEGIN
	BUILDFLOOR(X;V2;Y)
	OUTSIDE=4
	UP(FLOORHEIGHT)
REPEAT V1

BUILDROOF(X;V2;Y)

SETY=V6
RIGHT(V2)

IFV3(0;5)
	SETX=BUILDBEGIN
ENDIF

SETV7=V2
SETV8=FLOORHEIGHT
ADDV8(2)
MULV8(V1)

UP(FLOORHEIGHT)

MATERIAL=11
SETV9=V2
MULV9(3)
SUBV9(4)
RIGHT(2)
BRIGHT(V9)
UP(FLOORHEIGHT)
BRIGHT(V9)
LEFT(2)

DOWN(FLOORHEIGHT)
DOWN(FLOORHEIGHT)
DOWN(FLOORHEIGHT)

MATERIAL=10
FLOORHEIGHT=V8
OUTSIDE=0
DOORINTERVAL=0
ELEVINTERVAL=0
DOORTYPE=0

BEGIN
	BUILDFLOOR(X;V7;Y)
	RIGHT(V2)	

REPEAT 3

