SETFREQUENCY=10		// robot factory skyscraper, 10
//JN 30.8.2005, fixed 10.1.2006, 31.1.2007

BUILDWIDTH=RAND(50;70)
FLOORHEIGHT=4
SETX=BUILDBEGIN
GROUNDLEVEL(BUILDBEGIN;BUILDWIDTH;1)
GOTOLOW(BUILDBEGIN;BUILDWIDTH)

ELEVINTERVAL=RAND(10;15)
DOORINTERVAL=RAND(6;12)
DOORTYPE=1	// glass doors

SETV1=RAND(15;20)		// floors

MATERIAL=60
BRIGHT(BUILDWIDTH)

MATERIAL=10	// element
SETV20=10	// wall
SETV21=11	// floor
SETV22=12	// bg

SETV3=BUILDWIDTH

DIVV3(4)

SETV2=BUILDWIDTH
SUBV2(V3)
SUBV2(V3)

SETV5=V1

DIVV5(2)

BEGIN
	OUTSIDE=0
	SETV10=Y
	DOWN(FLOORHEIGHT)
	DOWN(FLOORHEIGHT)
	MATERIAL=4
	BUILDFLOOR(X;V3;Y)

	DOWN(1)
	RIGHT(8)
	MATERIAL=40
	BDOWN(1)
	UP(1)
	LEFT(8)

	MATERIAL=4
	UP(FLOORHEIGHT)
	BUILDFLOOR(X;V3;Y)
	UP(FLOORHEIGHT)

	MATERIAL=10
	OUTSIDE=1	
	
	BEGIN
		BUILDFLOOR(X;V3;Y)
		OUTSIDE=4
		UP(FLOORHEIGHT)
	REPEAT V5

	RIGHT(BUILDWIDTH)
	LEFT(V3)
	SETY=V10

REPEAT 2

OUTSIDE=4
DOORTYPE=2	// normal doors

SETX=BUILDBEGIN
RIGHT(V3)
LEFT(5)
ADDV2(10)

SETV12=3	//RAND(2;5)
IFV12(V5;100)
	SETV12=V5
ENDIF
SUBV12(2)

MULV12(FLOORHEIGHT)

UP(V12)
SETV13=0
SETV14=Y

BEGIN
	BUILDFLOOR(X;V2;Y)
	IFV13(0;0)
		SETV13=V2
		SUBV13(4)
		RIGHT(2)
		MATERIAL=17
		BEGIN
			BRIGHT(V13)
			DOWN(1)
		REPEAT 4

		BEGIN
			MATERIAL=0
			UPRIGHT(1)
			SUBV13(2)
			BRIGHT(V13)
			
		REPEAT 3
		LEFT(5)
		UP(1)
		MATERIAL=10
	ENDIF
	UP(FLOORHEIGHT)

REPEAT V1

BUILDROOF(X;V2;Y)

MATERIAL=18
MULV1(FLOORHEIGHT)
SETY=V14
RIGHT(2)
SUBV2(6)

BEGIN	// replace bg with glass
	RIGHT(1)
	BEGIN
		UP(1)
		IFBLOCK(12;12)
			BUP(1)
		ENDIF
	REPEAT V1

	DOWN(V1)
REPEAT V2

