SETFREQUENCY=15	// school, 15
//JN 26.6.2005
DOORINTERVAL=RAND(7;15)
FLOORHEIGHT=4
BUILDWIDTH=RAND(20;60)
//ELEVINTERVAL=RAND(10;20)

GROUNDLEVEL(BUILDBEGIN;BUILDWIDTH;1)
GOTOLOW(BUILDBEGIN;BUILDWIDTH)
SETX=BUILDBEGIN


SETV1=RAND(2;6)		// floors

DOORTYPE=1
OUTSIDE=0

SETV2=RAND(5;15)	// fence
SETV10=BUILDWIDTH
IFV10(0;25)
	SETV2=5
ENDIF
SUBV10(V2)

SETV3=RAND(0;10)	// l/r

UP(1)
MATERIAL=23
BRIGHT(BUILDWIDTH)
MATERIAL=24
UP(1)
BRIGHT(BUILDWIDTH)
DOWN(2)

IFV3(6;10)	// right
//	PRINTVAR(V2)
	RIGHT(V2)
ENDIF

MATERIAL=4

DOWN(FLOORHEIGHT)	// basement
BUILDFLOOR(X;V10;Y)

SETV9=V10
DIVV9(2)
RIGHT(V9)
DOWN(1)
MATERIAL=40
BDOWN(1)
//MATERIAL=5
UP(1)
LEFT(V9)

UP(FLOORHEIGHT)

SETV5=RAND(0;100)
MATERIAL=10
IFV5(0;50)
	MATERIAL=7
ENDIF

OUTSIDE=1
DOORTYPE=1
BUILDFLOOR(x;V10;Y)	// 1st floor

OUTSIDE=4
UP(FLOORHEIGHT)
DOORTYPE=2

BEGIN	// other floors
	BUILDFLOOR(X;V10;Y)
	UP(FLOORHEIGHT)
REPEAT V1

BUILDROOF(X;V10;Y)
