SETFREQUENCY=40		// service station, 40
//JN 27.6.2005, 31.1.2007

BUILDWIDTH=RAND(20;40)
FLOORHEIGHT=5
SETX=BUILDBEGIN
GROUNDLEVEL(BUILDBEGIN;BUILDWIDTH;1)
GOTOLOW(BUILDBEGIN;BUILDWIDTH)

DOORINTERVAL=RAND(6;10)
DOORTYPE=1	// glass doors

SETV1=RAND(1;3)		// floors
SETV20=BUILDWIDTH
IFV20(0;25)
	SETV1=1
ENDIF

SETV3=RAND(0;10)	// l/r
SETV4=RAND(0;10)	// material

MATERIAL=60
BRIGHT(BUILDWIDTH)

SETV10=BUILDWIDTH

DIVV10(2)

SETV11=BUILDWIDTH
DIVV11(4)

IFV3(6;10)	// right
	RIGHT(V10)
ENDIF

RIGHT(V11)
DOWN(1)
MATERIAL=40
BDOWN(1)
UP(1)
LEFT(V11)

MATERIAL=10	// element
SETV20=10	// wall
SETV21=11	// floor
SETV22=12	// bg

OUTSIDE=1
SETV23=X

BEGIN
	BUILDFLOOR(X;V10;Y)
	UP(FLOORHEIGHT)
	OUTSIDE=4
REPEAT V1

SETX=BUILDBEGIN
BUILDROOF(X;BUILDWIDTH;Y)
DOWN(1)

IFV3(0;5)
	RIGHT(V10)
	RIGHT(V11)
	LEFT(2)
ENDIF

RIGHT(1)
SETV13=X

SETV12=V1
MULV12(FLOORHEIGHT)
SUBV12(1)

MATERIAL=17
BDOWN(V12)

IFV11(8;100)	// support for larger roof
	SETV7=V11
	DIVV7(2)
	ADDV7(1)

	IFV3(0;5)
		LEFT(V7)
		BDOWN(V12)
		RIGHT(V7)
	ENDIF

	IFV3(6;10)
		RIGHT(V11)
		RIGHT(V7)
		BDOWN(V12)
		LEFT(V11)
		LEFT(V7)
	ENDIF
ENDIF
RIGHT(V11)
BDOWN(V12)

DOWN(V12)

DOWN(4)

SETX=V13

MATERIAL=V21	// tank
BRIGHT(V11)

MATERIAL=V22
BEGIN
	DOWN(1)
	BRIGHT(V11)
REPEAT 3

DOWN(1)
MATERIAL=V21
BRIGHT(V11)

BUP(9)

RIGHT(V11)
BUP(9)

MATERIAL=40
DIVV11(2)
LEFT(V11)
//BUP(9)

