SETFREQUENCY=20		// Skyscraper with large ground floor, 20
//JN 30.8.2005

BUILDWIDTH=RAND(40;60)
FLOORHEIGHT=4
SETX=BUILDBEGIN
GROUNDLEVEL(BUILDBEGIN;BUILDWIDTH;1)
GOTOLOW(BUILDBEGIN;BUILDWIDTH)

DOORINTERVAL=RAND(6;10)
DOORTYPE=2	// normal doors

SETV1=RAND(12;22)		// floors

MATERIAL=4

SETV2=BUILDWIDTH
DIVV2(2)

SETV3=Y

SETV4=2			// basement
IFV1(20;25)
	SETV4=3
ENDIF

BEGIN
	DOWN(FLOORHEIGHT)
	BUILDFLOOR(X;BUILDWIDTH;Y)
REPEAT V4

SETV9=Y
DOWN(1)
RIGHT(V2)
MATERIAL=40
BDOWN(1)
LEFT(V2)

SETY=V3

MATERIAL=10
SETV20=10
SETV21=11
SETV22=12

OUTSIDE=1
DOORTYPE=1

BUILDFLOOR(X;BUILDWIDTH;Y)
UP(FLOORHEIGHT)

DOORTYPE=2	// normal doors
OUTSIDE=RAND(2;5)

BEGIN
	BUILDFLOOR(X;BUILDWIDTH;Y)
	UP(FLOORHEIGHT)
REPEAT 2

SETV6=V2
DIVV6(2)

RIGHT(V6)

BEGIN
	BUILDFLOOR(X;V2;Y)
	UP(FLOORHEIGHT)
REPEAT V1

BUILDROOF(X;V2;Y)

ADDV1(V4)
ADDV1(3)

MULV1(FLOORHEIGHT)

SETY=V9
RIGHT(V6)
LEFT(2)
BUILDELEV(X;Y;4;V1;0)



