SETFREQUENCY=20		// stadium, 20
//JN 26.6.2005, 31.1.2007

BUILDWIDTH=RAND(60;80)
FLOORHEIGHT=4
SETX=BUILDBEGIN
GROUNDLEVEL(BUILDBEGIN;BUILDWIDTH;1)
GOTOLOW(BUILDBEGIN;BUILDWIDTH)

DOORINTERVAL=RAND(6;10)
DOORTYPE=2	// normal doors

SETV1=RAND(2;5)		// floors
SETV4=RAND(0;10)	// material

SETV10=BUILDWIDTH
DIVV10(6)	// wing 

SETV11=V1
DIVV11(2)
SETV12=Y

MATERIAL=4	// basement

BEGIN
	DOWN(FLOORHEIGHT)
	BUILDFLOOR(X;BUILDWIDTH;Y)
REPEAT V11

MATERIAL=5

SETV13=BUILDWIDTH
SUBV13(4)
RIGHT(2)
BRIGHT(V13)

DIVV13(4)
MATERIAL=40	// pipe
DOWN(1)

BEGIN
	RIGHT(V13)
	BDOWN(1)
REPEAT 3

SETX=BUILDBEGIN
SETY=V12

MATERIAL=10	// element
SETV20=10	// wall
SETV21=11	// floor
SETV22=12	// bg

BEGIN
	BUILDFLOOR(X;V10;Y)
	UP(FLOORHEIGHT)
REPEAT V1

SETV14=V10
ADDV14(2)
BUILDROOF(X;V14;Y)

SETY=V12
RIGHT(BUILDWIDTH)
LEFT(V10)

BEGIN
	BUILDFLOOR(X;V10;Y)
	UP(FLOORHEIGHT)
REPEAT V1

LEFT(2)
BUILDROOF(X;V14;Y)

SETX=BUILDBEGIN
SETY=V12

RIGHT(V10)

SETV15=V1
MULV15(FLOORHEIGHT)
SUBV15(1)
SETV16=V15
LEFT(2)
SETV17=FLOORHEIGHT

BEGIN
	MATERIAL=V22
	IFV17(FLOORHEIGHT;FLOORHEIGHT)
		MATERIAL=V21
		SETV17=0
	ENDIF
	BRIGHT(V16)
	UP(1)
	SUBV16(1)
	ADDV17(1)
REPEAT V15

SETX=BUILDBEGIN
SETY=V12
RIGHT(BUILDWIDTH)
LEFT(V10)
RIGHT(1)
SETV16=V15
SETV17=FLOORHEIGHT

BEGIN
	MATERIAL=V22
	IFV17(FLOORHEIGHT;FLOORHEIGHT)
		MATERIAL=V21
		SETV17=0
	ENDIF
	BLEFT(V16)
	UP(1)
	SUBV16(1)
	ADDV17(1)
REPEAT V15

