SETFREQUENCY=50		// warehouse, 50
//JN 26.6.2005

BUILDWIDTH=RAND(15;80)
FLOORHEIGHT=5
SETX=BUILDBEGIN
GROUNDLEVEL(BUILDBEGIN;BUILDWIDTH;1)
GOTOLOW(BUILDBEGIN;BUILDWIDTH)

//ELEVINTERVAL=RAND(10;20)
DOORINTERVAL=RAND(8;15)
DOORTYPE=2	// normal doors

SETV1=RAND(1;5)		// floors
SETV2=RAND(0;100)	// material

MATERIAL=7	// brick
SETV20=7	// wall
SETV21=8	// floor
SETV22=9	// bg

IFV2(20;40)	// element
	MATERIAL=10
	SETV20=10
	SETV21=11
	SETV22=12
ENDIF

IFV2(41;100)	// wood
	MATERIAL=13
	SETV20=13
	SETV21=14
	SETV22=15
ENDIF

OUTSIDE=1
SETV10=BUILDWIDTH
SUBV10(1)

BUILDFLOOR(BUILDBEGIN;V10;Y)
UP(FLOORHEIGHT)

SETV3=RAND(0;10)

OUTSIDE=0
IFV3(6;10)
	OUTSIDE=4
ENDIF

BEGIN
	BUILDFLOOR(BUILDBEGIN;V10;Y)
	UP(FLOORHEIGHT)
	
REPEAT V1

SETV4=V10
SUBV4(4)

UP(1)
RIGHT(2)
MATERIAL=V22
BRIGHT(V4)
UP(1)
RIGHT(2)
SUBV4(4)
BRIGHT(V4)

LEFT(4)
DOWN(1)

BEGIN
	MATERIAL=26
	BRIGHT(1)
	RIGHT(1)
	MATERIAL=27
	BRIGHT(1)
	MATERIAL=29
	RIGHT(1)
	BRIGHT(1)
	UP(1)
	
REPEAT 3

DOWN(1)
SUBV4(4)
BRIGHT(V4)
RIGHT(V4)
//DOWN(1)

BEGIN
	MATERIAL=29
	BRIGHT(1)
	RIGHT(1)
	MATERIAL=31
	BRIGHT(1)
	MATERIAL=32
	RIGHT(1)
	BRIGHT(1)
	DOWN(1)
	
REPEAT 3

